// Jest Snapshot v1, https://goo.gl/fbAQLP

exports[`Snapshot test for Quote component 1`] = `
<div
  className="quote-container d-flex"
>
  <blockquote>
    Many who have had an opportunity of knowing any more about mathematics confuse it with arithmetic, and consider it an arid science. In reality, however, it is a science which requires a great amount of imagination.
    <p>
      <b>
        â€” Sofia Kovalevskaya
      </b>
    </p>
  </blockquote>
</div>
`;
