// Jest Snapshot v1, https://goo.gl/fbAQLP

exports[`Snapshot test for Calculator component 1`] = `
<div
  className="calculator-component d-flex"
>
  <div
    className="calc-text-img d-flex"
  >
    <h3>
      Let's do some math!
    </h3>
    <img
      alt="calculator"
      src="calculator.svg"
    />
  </div>
  <div
    className="calculator-body"
  >
    <div
      className="display d-flex"
    >
      <p>
          
      </p>
    </div>
    <div>
      <div
        className="button-row d-flex"
      >
        <button
          className="button button-spc"
          onClick={[Function]}
          type="button"
        >
          AC
        </button>
        <button
          className="button button-spc"
          onClick={[Function]}
          type="button"
        >
          +/-
        </button>
        <button
          className="button button-spc"
          onClick={[Function]}
          type="button"
        >
          %
        </button>
        <button
          className="button button-spc"
          onClick={[Function]}
          type="button"
        >
          รท
        </button>
      </div>
      <div
        className="button-row d-flex"
      >
        <button
          className="button"
          onClick={[Function]}
          type="button"
        >
          7
        </button>
        <button
          className="button"
          onClick={[Function]}
          type="button"
        >
          8
        </button>
        <button
          className="button"
          onClick={[Function]}
          type="button"
        >
          9
        </button>
        <button
          className="button"
          onClick={[Function]}
          type="button"
        >
          X
        </button>
      </div>
      <div
        className="button-row d-flex"
      >
        <button
          className="button"
          onClick={[Function]}
          type="button"
        >
          4
        </button>
        <button
          className="button"
          onClick={[Function]}
          type="button"
        >
          5
        </button>
        <button
          className="button"
          onClick={[Function]}
          type="button"
        >
          6
        </button>
        <button
          className="button"
          onClick={[Function]}
          type="button"
        >
          -
        </button>
      </div>
      <div
        className="button-row d-flex"
      >
        <button
          className="button"
          onClick={[Function]}
          type="button"
        >
          1
        </button>
        <button
          className="button"
          onClick={[Function]}
          type="button"
        >
          2
        </button>
        <button
          className="button"
          onClick={[Function]}
          type="button"
        >
          3
        </button>
        <button
          className="button"
          onClick={[Function]}
          type="button"
        >
          +
        </button>
      </div>
      <div
        className="button-row d-flex"
      >
        <button
          className="button"
          onClick={[Function]}
          type="button"
        >
          .
        </button>
        <button
          className="button"
          onClick={[Function]}
          type="button"
        >
          0
        </button>
        <button
          className="button button-equal"
          onClick={[Function]}
          type="button"
        >
          =
        </button>
      </div>
    </div>
  </div>
</div>
`;
